<list>
<pos>$$normPath(::cwd::/Main.hx):2: characters 4-14</pos>
</list>