$$normPath(::cwd::/src3/import.hx):1: characters 0-11 : Only import and using is allowed in import.hx files