OnField.hx:2: characters 8-33 : Duplicate type parameter name: T