OnEnum.hx:1: lines 1-3 : Duplicate type parameter name: T