OnTypedef.hx:1: characters 0-25 : Duplicate type parameter name: T