OnEnumCtor.hx:2: characters 1-11 : Duplicate type parameter name: T